Circuit: * C:\Users\hanna\OneDrive\Documents\LTspiceXVII\Lab 2\invert_prelab.asc

.OP point found by inspection.
Ignoring empty pin current: Ix(u1:1)
Ignoring empty pin current: Ix(u1:2)
Ignoring empty pin current: Ix(u1:1)
Ignoring empty pin current: Ix(u1:2)

Date: Sun Sep 06 12:13:55 2026
Total elapsed time: 0.020 seconds.

tnom = 27
temp = 27
method = modified trap
totiter = 2108
traniter = 2108
tranpoints = 1055
accept = 1054
rejected = 1
matrix size = 4
fillins = 1
solver = Normal
Matrix Compiler1:       8 opcodes  0.0/[0.0]/0.0
Matrix Compiler2: 222 bytes object code size  0.0/0.0/[0.0]

