Circuit: * C:\Users\hanna\OneDrive\Documents\EE316\Lab6\PreLab6\LTSPICE\basicTransformer.asc

WARNING: Node D is floating.

WARNING: Less than two connections to node C.  This node is used by L2.
WARNING: Less than two connections to node D.  This node is used by L2.
.OP point found by inspection.

Date: Tue Oct 06 09:27:30 2026
Total elapsed time: 0.063 seconds.

tnom = 27
temp = 27
method = modified trap
totiter = 2098
traniter = 2098
tranpoints = 1049
accept = 1048
rejected = 1
matrix size = 5
fillins = 0
solver = Normal
Matrix Compiler1: off  [0.1]/0.5/0.1
Matrix Compiler2: off  [0.1]/0.1/0.1

